2026-05-31 16:06:14 | INFO     | Inicjalizacja potoku przetwarzania danych historycznych FPL.
2026-05-31 16:06:23 | INFO     | Pobrano dane GW dla sezonu 2022-23. Liczba kolejek: 37
2026-05-31 16:06:32 | INFO     | Pobrano dane GW dla sezonu 2023-24. Liczba kolejek: 38
2026-05-31 16:06:41 | INFO     | Pobrano dane GW dla sezonu 2024-25. Liczba kolejek: 38
2026-05-31 16:06:51 | INFO     | Pobrano dane GW dla sezonu 2025-26. Liczba kolejek: 29
2026-05-31 16:06:51 | WARNING  | Pominięto łącznie 9 plików GW (brak pliku na serwerze lub błąd sieciowy).
2026-05-31 16:06:52 | INFO     | Pobrano metadane zawodników dla sezonu 2022-23. Liczba rekordów: 778
2026-05-31 16:06:52 | INFO     | Pobrano metadane zawodników dla sezonu 2023-24. Liczba rekordów: 865
2026-05-31 16:06:52 | INFO     | Pobrano metadane zawodników dla sezonu 2024-25. Liczba rekordów: 804
2026-05-31 16:06:53 | INFO     | Pobrano metadane zawodników dla sezonu 2025-26. Liczba rekordów: 820
2026-05-31 16:06:53 | INFO     | Rozpoczęto łączenie zbiorów GW oraz IDs.
2026-05-31 16:06:53 | INFO     | Proces czyszczenia zakończony. Wymiary końcowego zbioru: 106188 wierszy, 47 kolumn.
2026-05-31 16:06:53 | INFO     | Rozpoczęto walidację jakości danych (Data Quality Report).
2026-05-31 16:06:53 | WARNING  | [Walidacja] Sezon 2223: Zidentyfikowano niepełną liczbę GW (37). Oczekiwano 38.
2026-05-31 16:06:53 | INFO     | [Walidacja] Sezon 2324: Kompletność GW (38) potwierdzona.
2026-05-31 16:06:53 | INFO     | [Walidacja] Sezon 2425: Kompletność GW (38) potwierdzona.
2026-05-31 16:06:53 | WARNING  | [Walidacja] Sezon 2526: Zidentyfikowano niepełną liczbę GW (29). Oczekiwano 38.
2026-05-31 16:06:53 | INFO     | [Walidacja] Sezon 2223: Liczba poprawnych rekordów wynosi 26505.
2026-05-31 16:06:53 | INFO     | [Walidacja] Sezon 2324: Liczba poprawnych rekordów wynosi 29725.
2026-05-31 16:06:53 | INFO     | [Walidacja] Sezon 2425: Liczba poprawnych rekordów wynosi 27605.
2026-05-31 16:06:53 | INFO     | [Walidacja] Sezon 2526: Liczba poprawnych rekordów wynosi 22353.
2026-05-31 16:06:53 | WARNING  | [Walidacja] Sezon 2223: Wykryto braki danych w kolumnie 'clearances_blocks_interceptions' (100.0%).
2026-05-31 16:06:53 | WARNING  | [Walidacja] Sezon 2223: Wykryto braki danych w kolumnie 'defensive_contribution' (100.0%).
2026-05-31 16:06:53 | WARNING  | [Walidacja] Sezon 2223: Wykryto braki danych w kolumnie 'recoveries' (100.0%).
2026-05-31 16:06:53 | WARNING  | [Walidacja] Sezon 2223: Wykryto braki danych w kolumnie 'tackles' (100.0%).
2026-05-31 16:06:53 | WARNING  | [Walidacja] Sezon 2324: Wykryto braki danych w kolumnie 'clearances_blocks_interceptions' (100.0%).
2026-05-31 16:06:53 | WARNING  | [Walidacja] Sezon 2324: Wykryto braki danych w kolumnie 'defensive_contribution' (100.0%).
2026-05-31 16:06:53 | WARNING  | [Walidacja] Sezon 2324: Wykryto braki danych w kolumnie 'recoveries' (100.0%).
2026-05-31 16:06:53 | WARNING  | [Walidacja] Sezon 2324: Wykryto braki danych w kolumnie 'tackles' (100.0%).
2026-05-31 16:06:53 | WARNING  | [Walidacja] Sezon 2425: Wykryto braki danych w kolumnie 'clearances_blocks_interceptions' (100.0%).
2026-05-31 16:06:53 | WARNING  | [Walidacja] Sezon 2425: Wykryto braki danych w kolumnie 'defensive_contribution' (100.0%).
2026-05-31 16:06:53 | WARNING  | [Walidacja] Sezon 2425: Wykryto braki danych w kolumnie 'recoveries' (100.0%).
2026-05-31 16:06:53 | WARNING  | [Walidacja] Sezon 2425: Wykryto braki danych w kolumnie 'tackles' (100.0%).
2026-05-31 16:06:53 | INFO     | [Walidacja] Sezon 2526: Brak wartości pustych w zbiorze.
2026-05-31 16:06:53 | WARNING  | [Walidacja] Sezon 2223: Brakujące kolumny względem schematu globalnego: ['clearances_blocks_interceptions', 'defensive_contribution', 'recoveries', 'tackles']
2026-05-31 16:06:53 | WARNING  | [Walidacja] Sezon 2324: Brakujące kolumny względem schematu globalnego: ['clearances_blocks_interceptions', 'defensive_contribution', 'recoveries', 'tackles']
2026-05-31 16:06:53 | WARNING  | [Walidacja] Sezon 2425: Brakujące kolumny względem schematu globalnego: ['clearances_blocks_interceptions', 'defensive_contribution', 'recoveries', 'tackles']
2026-05-31 16:06:53 | INFO     | [Walidacja] Sezon 2526: Schemat kolumn jest spójny z globalnym.
2026-05-31 16:06:53 | INFO     | [Walidacja] Sezon 2223: Statystyki wartości 'value' - Min: 3.7, Max: 13.1, Średnia: 4.9
2026-05-31 16:06:53 | INFO     | [Walidacja] Sezon 2324: Statystyki wartości 'value' - Min: 3.6, Max: 14.5, Średnia: 4.8
2026-05-31 16:06:53 | INFO     | [Walidacja] Sezon 2425: Statystyki wartości 'value' - Min: 0.5, Max: 15.4, Średnia: 4.9
2026-05-31 16:06:53 | WARNING  | [Walidacja] Sezon 2425: Wykryto wartości w kolumnie 'value' poza dopuszczalnym zakresem [3.0, 20.0].
2026-05-31 16:06:53 | INFO     | [Walidacja] Sezon 2526: Statystyki wartości 'value' - Min: 3.7, Max: 15.1, Średnia: 5.0
2026-05-31 16:06:53 | WARNING  | [Walidacja] Wykryto duplikaty na poziomie klucza głównego (code, season, gw). Liczba zduplikowanych rekordów: 2994.
2026-05-31 16:06:53 | INFO     | [Walidacja] Sezon 2223: Liczba unikalnych zawodników wynosi 778.
2026-05-31 16:06:53 | INFO     | [Walidacja] Sezon 2324: Liczba unikalnych zawodników wynosi 865.
2026-05-31 16:06:53 | INFO     | [Walidacja] Sezon 2425: Liczba unikalnych zawodników wynosi 804.
2026-05-31 16:06:53 | INFO     | [Walidacja] Sezon 2526: Liczba unikalnych zawodników wynosi 820.
2026-05-31 16:06:53 | INFO     | Zakończono walidację jakości danych.
2026-05-31 16:06:53 | INFO     | Pomyślnie wyeksportowano zbiór danych do formatu Parquet: C:\Users\russa\PycharmProjects\FPL\Data\FPL_historical.parquet
2026-05-31 16:06:53 | INFO     | Zakończenie działania procesu.
